[   0.00000] Initilizing cgroup subsys cpuset
[   0.000000] Initialiing cgrop subsys cppu
[   0.000000] Initializing cgroup subsys cpuacc
[   0.000000] Linux version 4.4.0-138-generic (buildd@lcy01-ad64-006) (gcc version 5.4.0 20160609 (Ubuntu 5.4.0-6ubuntu1~16.04.10) ) #164-Ubuntu SMP Tue Oct 2 17:16:02 UTC 2018 (Ubuntu 4.4.0-138.164-generic 4.4.155)
[    0.000000] Command line: BOOT_IMAGE=/boot/vmlinuz-4.4.0-138-generic root=LABEL=cloudimg-rootfs r console=tty1 console=ttyS0
[   0.000000] KERNEL supported cpus:
[    0.000000]   Intel GenuineIntel
[    0.00000]   AMD AuthenticAMD
[    0.000000]   Centaur CentaurHauls
[   0.00000] x86/fpu: xstate_offset[2]:  576, xstate_sizes[2]:  256
[    0.000000] x86/fpu: Supporting XSAVE feature 0x01: 'x87 floating point registers'
[    0.000000] x86/fpu: Supporting XSAVE feature 0x02: 'SSE registers'
[    0.000000] x86/fpu: Supporting XSAVE feature 0x04: 'AVX registers'
[    0.00000] x86/fpu: Enabled xstate features 0x7, context size is 832 bytes, using 'standard' format.
[   0.000000] e820: BIOS-provided physial RAM map:
[    0.000000] BIOS-e820: [mem 0x0000000000000000-0x000000000009fbff] usable
[   0.000000] BIOS-e820: [em 0000000000009fc00-0x000000000009ffff] reserved
[    0.000000] BIOS-e820: [mem 0x00000000000f0000-0x00000000000fffff] reserved
[    0.000000] BIOS-e820: [mem 0x0000000000100000-0x000000003ffeffff] sable
[    0.000000] BIOS-e820: [mem 0x000000003fff0000-0x000000003fffffff] ACPI data
[    0.000000] BIOS-e820: [m 0x00000000fec00000-0x00000000fec00fff] reserved
[   0.000000] BIOS-e820[mem 0x00000000fee00000-0x00000000fee00fff] reserved
[    0000000] BIOS-820: [em 0x0000000fffc0000-0x00000000ffffffff] reserved
[   0.00000] NX (Execute Disable) protectin: ative
    0.000000]SMBIOS2.5 present
[   0.000000] Hypervisor detected: KVM
[    0.000000] e820: last_pfn = 0x3fff0 max_arch_pfn = 0x400000000
[   0.000000] MTRR: Disabled
[    0.000000] x86/PAT: MTRRs disabed, skipping PAT initilizatin too.
[   0.000000] PU MTRRs all lank - virtualized system.
[   0.00000] x86/PAT: Configuration [0-7]: WB  WT  UC- UC  WB  WT  UC- UC  
[    0.000000] fond SMP MP-table at [mem 0x0009fff0-0x0009ffff] mapped at [ffff88000009fff0]
[    0.000000] Scanning 1 areas for low memory corruption
[   0.00000] RAMDISK: [mem 0x3630a000-0x3717cfff]
[    0000000] ACPI: Early table checksum erificatin disabled
[   0.000000 ACPI: RDP 0x0000000000E0000 000024 (v02 VBOX  )
[   0.000000] ACPI: XSDT 0x000000003FFF0030 00003C (v01 VBOX   VBOXXSDT 00000001 ASL  00000061)
[   0.00000] ACPI: FAC 0x000000003FFF00F0 0000F4 (v04 VBOX   VBOXFACP 00000001 ASL  00000061)
[   0.00000] ACPI: DSDT 0000000003FFF0470 0021FF (v02 VBOX   VVBOXBOS 00000002 INTL 20100528)
[   0.000000] CPI: FACS 0x00000003FFF020 000040[    0000000] ACPI: FACS 0x00000003FFF0200000040
[   0.000000] ACP: APIC0x00000003FFF0240 00005C (v02 VBOX   VBOXAPIC 00000001 AS  0000061)
[   0.000000] ACPI: SSDT 0x00000003FFF02A0 0001CC (v01 VBOX   VBOXCPUT 00000002 INTL 20100528)
[    0.000000] No NUMA configuration found
[    0.000000] Faking a node at [mem 0x0000000000000000-0x000000003ffeffff]
[    0.000000] NODEDATA(0) allocated [mem 0x3ffeb000-0x3ffeffff]
[    0.000000] kvm-clock: Using msrs 4b564d01 and 4b564d00
[    0.000000] kvm-clock: cpu 0, msr 0:3ffe3001, primary cpu clock
[    0.000000] kvm-clock: using sched offset of 415263908 cycles
[    0.000000] clocksource: kvm-clock: mask: 0xffffffffffffffff max_cycles: 0x1cd42e4dffb, max_idle_ns: 881590591483 ns
[    0.000000] Zone rans:
[   0.000000   DMA      [mem 0x0000000000001000-0x0000000000fffff]
[    0.00000   DMA32    [mem 0x0000000001000000-0x000000003ffeffff]
[    0.000000]   Normal   empty
[    0.000000]   Device   empy
[    0000000] Movable zone start for each node
[   0.00000] Early memory node ranges
[    0.000000]   node   0: [mem 0x000000000000100-0x000000000009efff]
    0.000000]   noe   0: [mem 000000000010000-0x000000003ffeffff]
[    0.000000] Initmem setup node 0 [mem 0x0000000000001000x000000003ffeffff]
[   0.000000] ACPI: PM-imer I Port: 0x4008
[   0.00000] IOAPIC[0]: apic_id 2, version 32, address 0xfec00000, GSI 0-23
[   0.00000] ACP: INT_SRC_OVR (bus 0 bus_irq 0 global_irq 2dfl dfl)
[   0.000000] ACPI: INT_SRC_OVR (bus 0 bus_irq 9 global_irq 9 low level)
[    0.000000] Using ACPI (MADT) for SMP configuration nformation
[    0.000000] smpboot: Allowing 2 CPUs, 0 hotplug CPUs
[    0.000000] PM: Registered nosave memory: [mem 0x0000000-0x00000fff]
[    0.000000] PM: Registered nosave memory:[mem 0x0009f000-0x0009ffff]
[   0.000000] PM: Registered nosave memory: [mem 0x000a0000-0x000effff]
[    0.000000] PM: Registered nosave memory: [mem 0x000f0000-0x000fffff]
[    0.000000] e820: mem 0x40000000-0xfebfffff] available for PCI devices
[    0.000000] Bootig paravirtualize kernel on KVM
[    0.000000] clocksource: refined-jiffies: mask: 0xffffffff max_cycles: 0xffffffff, max_idle_ns 7645519600211568 ns
[    0.000000] setup_percpu: NR_CPUS:512 nr_cpumask_bits:512 nr_cpu_ids:2 nr_node_ids:1
[    0.000000] PERCPU: Embedded 34 pges/cpu @ffff88003fc00000 s99608 r8192 d31464 u1048576
[    0.000000] P qspinlock hash table entries: 256 (order: 0, 4096 bytes
[   0.000000] Built 1 zonelists in Node order, mobility grouping on.  Total pages: 257912
[   0.000000] Policy zone: DMA32
[   0.000000] Kernel command line: BOOT_IMAGE=/boot/vmlinuz-4.4.0-138-generic root=LABEL=cloudimg-rootfs ro console=tty1 console=ttyS0
[   0.000000] PID hash table entries: 4096 (order: 3, 32768 bytes)
[    0.000000] Mmory: 997708K/1048120K available (8563K kernel code, 1314K rwdata, 4004K rodata, 1528K init, 1316K bss, 50412K reserved, 0K cma-reserved)
[   0.000000] SLUB: HWalign=64, Order=0-3, MinObjects=0, CPUs=2, Nodes=1
[   0.000000] Kernel/User page tables isolation: enabled
[    0.000000] Hierarchical RCU implementation.
[    0000000] 	Build-time adjustment of leaf fanout to 64.
[    0.000000] 	RCU restricting CPUs from NR_CPUS=512 to nr_cpu_ids=2.
[    0.000000] RCU: Adjusting geometryfor rc_fanout_lea=64, n_cpu_ids=2
[   0.000000] NR_IRQS:33024 nr_irqs:440 16
[    0.000000] Console: colour VGA+ 80x25
[    0.000000] console [tty1] enabled
[    0.000000] console [ttyS0] enabled
[    0.000000] tsc: Detected 2700.000 MHz processor
[    2.579263] Calibrating delay loop (skipped) preset value.. 5400.00 BogoMIPS (lpj=10800000)
[    2.591797] pid_max: default: 32768 minimum: 301
[    2.602194] ACPI: Core revision 20150930
[    2.610841] ACPI: 2 ACPI AML tables successfully acquired and loaded
[    2.615766] Security Framework initialized
[    2.625897] Yama: becoming mindful.
[    2.630521] AppArmor: AppArmor initialized
[    2.650649] Dentry cache hash table entries: 131072 (order: 8, 1048576 bytes)
[    2.655579] Inode-cache hash table entries: 65536 (order: 7, 524288 bytes)
[    2.657844] Mount-cache hash table entries: 2048 (order: 2, 16384 bytes)
[    2.660559] Mountpoint-cache hash table entries: 2048 (order: 2, 16384 bytes)
[    2.669167] Initializing cgroup subsys io
[    2.676694] Initializing cgroup subsys memory
[    2.678221] Initializing cgroup subsys devices
[    2.681477] Initializing cgroup subsys freezer
[    2.683449] Initializing cgroup subsys net_cls
[    2.686077] Initializing cgroup subsys perf_event
[    2.697020] Initializing cgroup subsys net_prio
[    2.700648] Initializing cgroup subsys hugetlb
[    2.704227] Initializing cgroup subsys pids
[    2.710019] mce: CPU supports 0 MCE banks
[    2.714336] Last level iTLB entries: 4KB 64, 2MB 8, 4MB 8
[    2.718280] Last level dTLB entries: 4KB 64, 2MB 0, 4MB 0, 1GB 4
[    2.728224] Spectre V2 : Mitigation: Full generic retpoline
[    2.737233] Spectre V2 : Spectre v2 mitigation: Speculation control IBPB not-supported IBRS not-supported
[    2.776470] Spectre V2 : Spectre v2 / SpectreRSB mitigation: Filling RSB on context switch
[    2.798621] Speculative Store Bypass: Vulnerable
[    2.803747] Freeing SMP alternatives memory: 32K
[    2.819923] ftrace: allocating 32278 entries in 127 pages
[    2.889648] smpboot: APIC(0) Converting physical 0 to logical package 0
[    2.934957] smpboot: Max logical packages: 1
[    2.937014] x2apic enabled
[    2.953894] Switched APIC routing to physical x2apic.
[    2.957174] ..TIMER: vector=0x30 apic1=0 pin1=2 apic2=-1 pin2=-1
[    3.081672] smpboot: CPU0: Intel(R) Core(TM) i5-5257U CPU @ 2.70GHz (family: 0x6, model: 0x3d, stepping: 0x4)
[    3.110139] Performance Events: unsupported p6 CPU model 61 no PMU driver, software events only.
[    3.139365] KVM setup paravirtual spinlock
[    3.159516] x86: Booting SMP configuration:
[    3.161249] .... node  #0, CPUs:      #1
[    3.164489] kvm-clock: cpu 1, msr 0:3ffe3041, secondary cpu clock
[    3.167955] mce: CPU supports 0 MCE banks
[    3.171083] x86: Booted up 1 node, 2 CPUs
[    3.183938] smpboot: Total of 2 processors activated (10800.00 BogoMIPS)
[    3.190656] devtmpfs: initialized
[    3.196358] evm: security.selinux
[    3.200158] evm: security.SMACK64
[    3.208186] evm: security.SMACK64EXEC
[    3.219001] evm: security.SMACK64TRANSMUTE
[    3.220712] evm: security.SMACK64MMAP
[    3.222256] evm: security.ima
[    3.223570] evm: security.capability
[    3.226712] clocksource: jiffies: mask: 0xffffffff max_cycles: 0xffffffff, max_idle_ns: 7645041785100000 ns
[    3.238254] futex hash table entries: 512 (order: 3, 32768 bytes)
[    3.241319] pinctrl core: initialized pinctrl subsystem
[    3.248374] RTC time:  1:04:20, date: 11/11/18
[    3.252171] NET: Registered protocol family 16
[    3.266563] cpuidle: using governor ladder
[    3.286654] cpuidle: using governor menu
[    3.295926] PCCT header not found.
[    3.304072] ACPI: bus type PCI registered
[    3.314842] acpiphp: ACPI Hot Plug PCI Controller Driver version: 0.5
[    3.326482] PCI: Using configuration type 1 for base access
[    3.352247] ACPI: Added _OSI(Module Device)
[    3.356115] ACPI: Added _OSI(Processor Device)
[    3.364085] ACPI: Added _OSI(3.0 _SCP Extensions)
[    3.372366] ACPI: Added _OSI(Processor Aggregator Device)
[    3.388960] ACPI: Executed 1 blocks of module-level executable AML code
[    3.406676] ACPI: Interpreter enabled
[    3.410991] ACPI: (supports S0 S5)
[    3.418687] ACPI: Using IOAPIC for interrupt routing
[    3.428281] PCI: Using host bridge windows from ACPI; if necessary, use "pci=nocrs" and report a bug
[    3.457393] ACPI: PCI Root Bridge [PCI0] (domain 0000 [bus 00-ff])
[    3.464981] acpi PNP0A03:00: _OSC: OS supports [ASPM ClockPM Segments MSI]
[    3.475473] acpi PNP0A03:00: _OSC: not requesting OS control; OS requires [ExtendedConfig ASPM ClockPM MSI]
[    3.499868] acpi PNP0A03:00: fail to add MMCONFIG information, can't access extended PCI configuration space under this bridge.
[    3.526507] PCI host bridge to bus 0000:00
[    3.530913] pci_bus 0000:00: root bus resource [io  0x0000-0x0cf7 window]
[    3.543915] pci_bus 0000:00: root bus resource [io  0x0d00-0xffff window]
[    3.554179] pci_bus 0000:00: root bus resource [mem 0x000a0000-0x000bffff window]
[    3.578675] pci_bus 0000:00: root bus resource [mem 0x40000000-0xfdffffff window]
[    3.592517] pci_bus 0000:00: root bus resource [bus 00-ff]
[    3.603623] pci 0000:00:01.1: legacy IDE quirk: reg 0x10: [io  0x01f0-0x01f7]
[    3.623501] pci 0000:00:01.1: legacy IDE quirk: reg 0x14: [io  0x03f6]
[    3.627951] pci 0000:00:01.1: legacy IDE quirk: reg 0x18: [io  0x0170-0x0177]
[    3.648133] pci 0000:00:01.1: legacy IDE quirk: reg 0x1c: [io  0x0376]
[    3.696235] pci 0000:00:07.0: quirk: [io  0x4000-0x403f] claimed by PIIX4 ACPI
[    3.716383] pci 0000:00:07.0: quirk: [io  0x4100-0x410f] claimed by PIIX4 SMB
[    3.744536] ACPI: PCI Interrupt Link [LNKA] (IRQs 5 9 10 *11)
[    3.757802] ACPI: PCI Interrupt Link [LNKB] (IRQs 5 9 *10 11)
[    3.760753] ACPI: PCI Interrupt Link [LNKC] (IRQs 5 *9 10 11)
[    3.768455] ACPI: PCI Interrupt Link [LNKD] (IRQs 5 9 10 *11)
[    3.782578] ACPI: Enabled 2 GPEs in block 00 to 07
[    3.792685] vgaarb: setting as boot device: PCI:0000:00:02.0
[    3.802029] vgaarb: device added: PCI:0000:00:02.0,decodes=io+mem,owns=io+mem,locks=none
[    3.804771] vgaarb: loaded
[    3.805746] vgaarb: bridge control possible 0000:00:02.0
[    3.807699] SCSI subsystem initialized
[    3.809363] ACPI: bus type USB registered
[    3.810903] usbcore: registered new interface driver usbfs
[    3.812732] usbcore: registered new interface driver hub
[    3.820175] usbcore: registered new device driver usb
[    3.824697] PCI: Using ACPI for IRQ routing
[    3.826740] NetLabel: Initializing
[    3.827943] NetLabel:  domain hash size = 128
[    3.829324] NetLabel:  protocols = UNLABELED CIPSOv4
[    3.830925] NetLabel:  unlabeled traffic allowed by default
[    3.832975] amd_nb: Cannot enumerate AMD northbridges
[    3.834872] clocksource: Switched to clocksource kvm-clock
[    3.852437] AppArmor: AppArmor Filesystem Enabled
[    3.855961] pnp: PnP ACPI init
[    3.860782] pnp: PnP ACPI: found 3 devices
[    3.884287] clocksource: acpi_pm: mask: 0xffffff max_cycles: 0xffffff, max_idle_ns: 2085701024 ns
[    3.891386] NET: Registered protocol family 2
[    3.894822] TCP established hash table entries: 8192 (order: 4, 65536 bytes)
[    3.898934] TCP bind hash table entries: 8192 (orde: 5,131072 byte)
[    3.980510] TCP: Hash tables configured (established 8192 bind 8192)
[    3.982994] UDP hash table entries: 512 (order: 2, 16384 bytes)
[   3.985852] UDP-Lite hash table entries: 512 (order: 2, 16384 bytes)
[    4.011976] NET: Registered protocol family 1
[    4.013958] pci 0000:00:00.0: Limiting direct PCI/PCI transfers
[   4.016095] pci 0000:00:01.0: Activating ISA DMA hang workarounds
[    4.5804] Unpacking iitramfs...

[    4.351315] Freeing initrd memory: 14796K
[    4.365877] RAPL PMU detected, API unit is 2^-32 Joules, 4 fixed counters 10737418240 ms ovfl timer
[    4.373526] hw unit of domain pp0-core 2^-0 Joules
[    4.376282] hw unit of domain package 2^-0 Joules
[    4.400745] hw unit of domain dram 2^-0 Joules
[    4.405028] hw unit of domain pp1-gpu 2^-0 Joules
[    4.413014] platform rtc_cmos: registered platform RTC device (no PNP device found)
[    4.434355] Scanning for low memory corruption every 60 seconds
[    4.445049] audit: initializing netlink subsys (disabled)
[    4.456579] audit: type=2000 audit(1541898263.606:1): initialized
[    4.466900] Initialise system trusted keyring
[    4.477478] HugeTLB registered 2 MB page size, pre-allocated 0 pages
[    4.498417] zbud: loaded
[    4.508494] VFS: Disk quotas dquot_6.6.0
[    4.512051] VFS: Dquot-cache hash table entries: 512 (order 0, 4096 bytes)
[    4.514663] squashfs: version 4.0 (2009/01/31) Phillip Lougher
[    4.525711] fuse init (API version 7.23)
[    4.538274] Key type big_key registered
[    4.553070] Allocating IMA MOK and blacklist keyrings.
[    4.568513] Key type asymmetric registered
[    4.569860] Asymmetric key parser 'x509' registered
[    4.571465] Block layer SCSI generic (bsg) driver version 0.4 loaded (major 249)
[    4.574267] io scheduler noop registered
[    4.575801] io scheduler deadline registered (default)
[    4.577829] io scheduler cfq registered
[    4.579487] pci_hotplug: PCI Hot Plug PCI Core version: 0.5
[    4.584585] pciehp: PCI Express Hot Plug Controller Driver version: 0.4
[    4.600228] ACPI: AC Adapter [AC] (on-line)
[    4.609843] input: Power Button as /devices/LNXSYSTM:00/LNXPWRBN:00/input/input0
[    4.635873] ACPI: Power Button [PWRF]
[    4.645008] input: Sleep Button as /devices/LNXSYSTM:00/LNXSLPBN:00/input/input1
[    4.655436] ACPI: Sleep Button [SLPF]
[    4.669675] ACPI: Battery Slot [BAT0] (battery present)
[    4.675225] GHES: HEST is not enabled!
[    4.679188] Serial: 8250/16550 driver, 32 ports, IRQ sharing enabled
[    4.711103] 00:02: ttyS0 at I/O 0x3f8 (irq = 4, base_baud = 115200) is a 16550A
[    4.717570] Linux agpgart interface v0.103
[    4.728041] loop: module loaded
[    4.728620] scsi host0: ata_piix
[    4.728672] scsi host1: ata_piix
[    4.728700] ata1: PATA max UDMA/33 cmd 0x1f0 ctl 0x3f6 bmdma 0xd000 irq 14
[    4.728701] ata2: PATA max UDMA/33 cmd 0x170 ctl 0x376 bmdma 0xd008 irq 15
[    4.728768] libphy: Fixed MDIO Bus: probed
[    4.728770] tun: Universal TUN/TAP device driver, 1.6
[    4.728770] tun: (C) 1999-2004 Max Krasnyansky <maxk@qualcomm.com>
[    4.728807] PPP generic driver version 2.4.2
[    4.728850] ehci_hcd: USB 2.0 'Enhanced' Host Controller (EHCI) Driver
[    4.728853] ehci-pci: EHCI PCI platform driver
[    4.728868] ehci-platform: EHCI generic platform driver
[    4.728876] ohci_hcd: USB 1.1 'Open' Host Controller (OHCI) Driver
[    4.728878] ohci-pci: OHCI PCI platform driver
[    4.728886] ohci-platform: OHCI generic platform driver
[    4.728892] uhci_hcd: USB Universal Host Controller Interface driver
[    4.728940] i8042: PNP: PS/2 Controller [PNP0303:PS2K,PNP0f03:PS2M] at 0x60,0x64 irq 1,12
[    4.729369] serio: i8042 KBD port at 0x60,0x64 irq 1
[    4.729372] serio: i8042 AUX port at 0x60,0x64 irq 12
[    4.729458] mousedev: PS/2 mouse device common for all mice
[    4.729710] input: AT Translated Set 2 keyboard as /devices/platform/i8042/serio0/input/input2
[    4.730105] rtc_cmos rtc_cmos: rtc core: registered rtc_cmos as rtc0
[    4.730181] rtc_cmos rtc_cmos: alarms up to one day, 114 bytes nvram
[    4.730187] i2c /dev entries driver
[    4.730233] device-mapper: uevent: version 1.0.3
[    4.730280] device-mapper: ioctl: 4.34.0-ioctl (2015-10-28) initialised: dm-devel@redhat.com
[    4.730299] ledtrig-cpu: registered to indicate activity on CPUs
[    4.730551] NET: Registered protocol family 10
[    4.730708] NET: Registered protocol family 17
[    4.730721] Key type dns_resolver registered
[    4.731150] registered taskstats version 1
[    4.731163] Loading compiled-in X.509 certificates
[    4.731789] Loaded X.509 cert 'Build time autogenerated kernel key: 9a104bc44b81e9426fe5c715e47d021d02d69eba'
[    4.731807] zswap: loaded using pool lzo/zbud
[    4.740475] Key type trusted registered
[    4.743765] Key type encrypted registered
[    4.743773] AppArmor: AppArmor sha1 policy hashing enabled
[    4.743775] ima: No TPM chip found, activating TPM-bypass!
[    4.743779] ima: Allocated hash algorithm: sha1
[    4.743795] evm: HMAC attrs: 0x1
[    4.744436]   Magic number: 10:472:53
[    4.746770] rtc_cmos rtc_cmos: setting system clock to 2018-11-11 01:04:21 UTC (1541898261)
[    4.746867] BIOS EDD facility v0.16 2004-Jun-25, 0 devices found
[    4.746867] EDD information not available.
[    5.030293] Freeing unused kernel memory: 1528K
[    5.044896] Write protecting the kernel read-only data: 14336k
[    5.412012] tsc: Refined TSC clocksource calibration: 2699.115 MHz
[    5.412015] clocksource: tsc: mask: 0xffffffffffffffff max_cycles: 0x26e7fa67630, max_idle_ns: 440795246632 ns
[    5.935729] Freeing unused kernel memory: 1664K
[    5.965232] Freeing unused kernel memory: 92K
Loading, please wait...
starting version 229
[    6.440282] random: systemd-udevd: uninitialized urandom read (16 bytes read, 7 bits of entropy available)
[    6.440339] random: udevadm: uninitialized urandom read (16 bytes read, 7 bits of entropy available)
[    6.440366] random: udevadm: uninitialized urandom read (16 bytes read, 7 bits of entropy available)
[    6.459771] random: udevadm: uninitialized urandom read (16 bytes read, 7 bits of entropy available)
[    6.459818] random: udevadm: uninitialized urandom read (16 bytes read, 7 bits of entropy available)
[    6.459947] random: udevadm: uninitialized urandom read (16 bytes read, 7 bits of entropy available)
[    6.459996] random: udevadm: uninitialized urandom read (16 bytes read, 7 bits of entropy available)
[    6.460040] random: udevadm: uninitialized urandom read (16 bytes read, 7 bits of entropy available)
[    6.460085] random: udevadm: uninitialized urandom read (16 bytes read, 7 bits of entropy available)
[    6.460128] random: udevadm: uninitialized urandom read (16 bytes read, 7 bits of entropy available)
[    6.762624] e1000: Intel(R) PRO/1000 Network Driver - version 7.3.21-k8-NAPI
[    6.781681] e1000: Copyright (c) 1999-2006 Intel Corporation.
[    6.793707] Fusion MPT base driver 3.04.20
[    6.795624] Copyright (c) 1999-2008 LSI Corporation
[    6.805243] Fusion MPT SPI Host driver 3.04.20
[    6.810427] AVX2 version of gcm_enc/dec engaged.
[    6.816733] AES CTR mode by8 optimization enabled
[    7.027911] input: ImExPS/2 Generic Explorer Mouse as /devices/platform/i8042/serio1/input/input4
[    7.274736] e1000 0000:00:03.0 eth0: (PCI:33MHz:32-bit) 02:0d:56:55:5e:8a
[    7.277557] e1000 0000:00:03.0 eth0: Intel(R) PRO/1000 Network Connection
[    7.281477] mptbase: ioc0: Initiating bringup
[    7.347488] ioc0: LSI53C1030 A0: Capabilities={Initiator}
[    7.518734] scsi host2: ioc0: LSI53C1030 A0, FwRev=00000000h, Ports=1, MaxQ=256, IRQ=20
[    7.635666] scsi 2:0:0:0: Direct-Access     VBOX     HARDDISK         1.0  PQ: 0 ANSI: 5
[    7.660968] scsi target2:0:0: Beginning Domain Validation
[    7.674944] scsi target2:0:0: Domain Validation skipping write tests
[    7.693010] scsi target2:0:0: Ending Domain Validation
[    7.694845] scsi target2:0:0: asynchronous
[    7.715202] scsi 2:0:1:0: Direct-Access     VBOX     HARDDISK         1.0  PQ: 0 ANSI: 5
[    7.719432] scsi target2:0:1: Beginning Domain Validation
[    7.728617] scsi target2:0:1: Domain Validation skipping write tests
[    7.732242] scsi target2:0:1: Ending Domain Validation
[    7.739756] scsi target2:0:1: asynchronous
[    7.751885] sd 2:0:0:0: [sda] 20971520 512-byte logical blocks: (10.7 GB/10.0 GiB)
[    7.756638] sd 2:0:0:0: Attached scsi generic sg0 type 0
[    7.760336] sd 2:0:1:0: Attached scsi generic sg1 type 0
[    7.763024] sd 2:0:1:0: [sdb] 20480 512-byte logical blocks: (10.5 MB/10.0 MiB)
[    7.766467] sd 2:0:1:0: [sdb] Write Protect is off
[    7.773086] sd 2:0:0:0: [sda] Write Protect is off
[    7.775317] sd 2:0:0:0: [sda] Incomplete mode parameter data
[    7.780324] sd 2:0:0:0: [sda] Assuming drive cache: write through
[    7.782917] sd 2:0:1:0: [sdb] Incomplete mode parameter data
[    7.785250] sd 2:0:1:0: [sdb] Assuming drive cache: write through
[    7.793506]  sda: sda1
[    7.796558] sd 2:0:0:0: [sda] Attached SCSI disk
[    7.799332] sd 2:0:1:0: [sdb] Attached SCSI disk
[    8.184526] e1000 0000:00:08.0 eth1: (PCI:33MHz:32-bit) 08:00:27:ee:cc:16
[    8.195125] e1000 0000:00:08.0 eth1: Intel(R) PRO/1000 Network Connection
[    8.209183] e1000 0000:00:08.0 enp0s8: renamed from eth1
[    8.225235] e1000 0000:00:03.0 enp0s3: renamed from eth0
Begin: Loading essential drivers[    9.685807] md: linear personality registered for level -1
 ... [    9.696811] md: multipath personality registered for level -4
[    9.711022] md: raid0 personality registered for level 0
[    9.720482] md: raid1 personality registered for level 1
[    9.794994] raid6: sse2x1   gen()  4473 MB/s
[    9.867125] raid6: sse2x1   xor()  6603 MB/s
[    9.954974] raid6: sse2x2   gen() 10652 MB/s
[   10.031127] raid6: sse2x2   xor()  6051 MB/s
[   10.107173] raid6: sse2x4   gen() 10910 MB/s
[   10.199151] raid6: sse2x4   xor()  6796 MB/s
[   10.278991] raid6: avx2x1   gen() 12409 MB/s
[   10.363472] raid6: avx2x2   gen()  9313 MB/s
[   10.467119] raid6: avx2x4   gen() 13065 MB/s
[   10.489905] raid6: using algorithm avx2x4 gen() 13065 MB/s
[   10.516331] raid6: using avx2x2 recovery algorithm
[   10.533680] xor: automatically using best checksumming function:
[   10.591118]    avx       : 30646.000 MB/sec
[   10.608582] async_tx: api initialized (async)
[   10.616588] md: raid6 personality registered for level 6
[   10.618390] md: raid5 personality registered for level 5
[   10.649571] md: raid4 personality registered for level 4
[   10.660889] md: raid10 personality registered for level 10
done.
Begin: Running /scripts/init-premount ... done.
Begin: Mounting root file system ... Begin: Running /scripts/local-top ... done.
Begin: Running /scripts/local-premount ... [   10.709888] Btrfs loaded
Scanning for Btrfs filesystems
done.
Warning: fsck not present, so skipping root file system
[   10.776474] EXT4-fs (sda1): mounted filesystem with ordered data mode. Opts: (null)
done.
Begin: Running /scripts/local-bottom ... done.
Begin: Running /scripts/init-bottom ... done.
[   10.934590] systemd[1]: systemd 229 running in system mode. (+PAM +AUDIT +SELINUX +IMA +APPARMOR +SMACK +SYSVINIT +UTMP +LIBCRYPTSETUP +GCRYPT +GNUTLS +ACL +XZ -LZ4 +SECCOMP +BLKID +ELFUTILS +KMOD -IDN)
[   10.944358] systemd[1]: Detected virtualization oracle.
[   10.948440] systemd[1]: Detected architecture x86-64.

Welcome to [1mUbuntu 16.04.5 LTS[0m!

[   10.965082] systemd[1]: Set hostname to <ubuntu>.
[   10.969452] systemd[1]: Initializing machine ID from random generator.
[   10.972264] systemd[1]: Installed transient /etc/machine-id file.
[   11.167990] systemd[1]: Reached target User and Group Name Lookups.
[[0;32m  OK  [0m] Reached target User and Group Name Lookups.
[   11.183860] systemd[1]: Listening on Journal Audit Socket.
[[0;32m  OK  [0m] Listening on Journal Audit Socket.
[   11.199706] systemd[1]: Started Forward Password Requests to Wall Directory Watch.
[[0;32m  OK  [0m] Started Forward Password Requests to Wall Directory Watch.
[   11.219348] systemd[1]: Reached target Swap.
[[0;32m  OK  [0m] Reached target Swap.
[   11.231476] systemd[1]: Listening on LVM2 metadata daemon socket.
[[0;32m  OK  [0m] Listening on LVM2 metadata daemon socket.
[   11.252199] systemd[1]: Listening on udev Kernel Socket.
[[0;32m  OK  [0m] Listening on udev Kernel Socket.
[   11.263084] systemd[1]: Reached target Encrypted Volumes.
[[0;32m  OK  [0m] Reached target Encrypted Volumes.
[   11.283385] systemd[1]: Set up automount Arbitrary Executable File Formats File System Automount Point.
[[0;32m  OK  [0m] Set up automount Arbitrary Executab...ats File System Automount Point.
[   11.295521] systemd[1]: Listening on Device-mapper event daemon FIFOs.
[[0;32m  OK  [0m] Listening on Device-mapper event daemon FIFOs.
[   11.308297] systemd[1]: Created slice System Slice.
[[0;32m  OK  [0m] Created slice System Slice.
[   11.338539] systemd[1]: Listening on udev Control Socket.
[[0;32m  OK  [0m] Listening on udev Control Socket.
[   11.361346] systemd[1]: Created slice User and Session Slice.
[[0;32m  OK  [0m] Created slice User and Session Slice.
[   11.384541] systemd[1]: Reached target Slices.
[[0;32m  OK  [0m] Reached target Slices.
[   11.393341] systemd[1]: Reached target System Time Synchronized.
[[0;32m  OK  [0m] Reached target System Time Synchronized.
[   11.407015] systemd[1]: Created slice system-serial\x2dgetty.slice.
[[0;32m  OK  [0m] Created slice system-serial\x2dgetty.slice.
[   11.416516] systemd[1]: Listening on Syslog Socket.
[[0;32m  OK  [0m] Listening on Syslog Socket.
[   11.444623] systemd[1]: Listening on LVM2 poll daemon socket.
[[0;32m  OK  [0m] Listening on LVM2 poll daemon socket.
[   11.464672] systemd[1]: Started Trigger resolvconf update for networkd DNS.
[[0;32m  OK  [0m] Started Trigger resolvconf update for networkd DNS.
[   11.492189] systemd[1]: Listening on /dev/initctl Compatibility Named Pipe.
[[0;32m  OK  [0m] Listening on /dev/initctl Compatibility Named Pipe.
[   11.515732] systemd[1]: Listening on Journal Socket (/dev/log).
[[0;32m  OK  [0m] Listening on Journal Socket (/dev/log).
[   11.544423] systemd[1]: Listening on Journal Socket.
[[0;32m  OK  [0m] Listening on Journal Socket.
[   11.587596] systemd[1]: Starting Load Kernel Modules...
         Starting Load Kernel Modules...[   11.598532] Loading iSCSI transport class v2.0-870.

[   11.611830] systemd[1]: Starting Create list of required static device nodes for the current kernel...
         Starting Create list of required st... nodes for the current kernel...
[   11.631446] systemd[1]: Starting Set console keymap...
[   11.632524] iscsi: registered transport (tcp)
         Starting Set console keymap...
[   11.657191] systemd[1]: Mounting Huge Pages File System...
         Mounting Huge Pages File System...
[   11.689928] systemd[1]: Mounting POSIX Message Queue File System...
         Mounting POSIX Message Queue File System...
[   11.732927] iscsi: registered transport (iser)
[   11.735212] systemd[1]: Starting Uncomplicated firewall...
         Starting Uncomplicated firewall...
[   11.752466] systemd[1]: Starting Nameserver information manager...
         Starting Nameserver information manager...
[   11.761870] systemd[1]: Starting Monitoring of LVM2 mirrors, snapshots etc. using dmeventd or progress polling...
         Starting Monitoring of LVM2 mirrors... dmeventd [   11.805763] random: nonblocking pool is initialized
or progress polling...
[   11.847380] systemd[1]: Starting Journal Service...
         Starting Journal Service...
[   11.915133] systemd[1]: Mounting Debug File System...
         Mounting Debug File System...
[   11.933572] systemd[1]: Starting Remount Root and Kernel File Systems...
         Starting Remount Root and Kernel[   11.947717] EXT4-fs (sda1): re-mounted. Opts: (null)
 File Systems...
[   11.971148] systemd[1]: Mounted Huge Pages File System.
[[0;32m  OK  [0m] Mounted Huge Pages File System.
[   12.012134] systemd[1]: Mounted POSIX Message Queue Fie System.

[[0;32m  OK  [0m] Mounted POSIX Message Queue File System.
[  12.075173] systemd[1]: Mounted Deug File Sysem.

[[0;32m  OK  [0m] Mounted Debug File System.
[   12.173777] systemd[1]: Started Journal Service.
[[0;32m  OK  [0m] Started Journal Service.
[[0;32m  OK  [0m] Started Load Kernel Modules.
[[0;32m  OK  [0m] Started Create list of required sta...ce nodes for the current kernel.
[[0;32m  OK  [0m] Started Set console keymap.
[[0;32m  OK  [0m] Started Uncomplicated firewall.
[[0;32m  OK  [0m] Started Remount Root and Kernel File Systems.
[[0;32m  OK  [0m] Started Nameserver information manager.
[[0;32m  OK  [0m] Started LVM2 metadata daemon.
         Starting udev Coldplug all Devices...
         Starting Load/Save Random Seed...
         Starting Create Static Device Nodes in /dev...
         Starting Apply Kernel Variables...
         Mounting FUSE Control File System...
         Starting Flush Journal to Persistent Storage...
[[0;32m  OK  [0m] Mounted FUSE Control File System.
[[0;32m  OK  [0m] Started Load/Save Random Seed.
[[0;32m  OK  [0m] Started Create Static Device Nodes in /dev.
[[0;32m  OK  [0m] Started Apply Kernel Variables.
[[0;32m  OK  [0m] Started udev Coldplug all Devices.
[[0;32m  OK  [0m] Started Flush Journal to Persistent Storage.
         Starting udev Kernel Device Manager...
[[0;32m  OK  [0m] Started udev Kernel Device Manager.
[[0;32m  OK  [0m] Started Dispatch Password Requests to Console Directory Watch.
[[0;32m  OK  [0m] Started Monitoring of LVM2 mirrors,...ng dmeventd or progress polling.
[[0;32m  OK  [0m] Reached target Local File Systems (Pre).
[[0;32m  OK  [0m] Reached target Local File Systems.
         Starting Commit a transient machine-id on disk...
         Starting LSB: AppArmor initialization...
         Starting Tell Plymouth To Write Out Runtime Data...
         Starting Initial cloud-init job (pre-networking)...
         Starting Set console font and keymap...
         Starting Create Volatile Files and Directories...
[[0;32m  OK  [0m] Started Commit a transient machine-id on disk.
[[0;32m  OK  [0m] Started Tell Plymouth To Write Out Runtime Data.
[[0;32m  OK  [0m] Started Create Volatile Files and Directories.
[[0;32m  OK  [0m] Found device /dev/ttyS0.
         Starting Update UTMP about System Boot/Shutdown...
[[0;32m  OK  [0m] Started Update UTMP about System Boot/Shutdown.
[[0;32m  OK  [0m] Listening on Load/Save RF Kill Switch Status /dev/rfkill Watch.
[[0;32m  OK  [0m] Started LSB: AppArmor initialization.
[   12.084626] cloud-init[493]: Cloud-init v. 18.4-0ubuntu1~16.04.2 running 'init-local' at Sun, 11 Nov 2018 01:04:31 +0000. Up 11.36 seconds.
[[0;32m  OK  [0m] Started Initial cloud-init job (pre-networking).
[[0;32m  OK  [0m] Reached target Network (Pre).
         Starting Raise network interfaces...
[[0;32m  OK  [0m] Started Set console font and keymap.
[[0;32m  OK  [0m] Created slice system-getty.slice.
[[0;32m  OK  [0m] Started Raise network interfaces.
         Starting Initial cloud-init job (metadata service crawler)...
[[0;32m  OK  [0m] Reached target Network.
[   14.223332] cloud-init[945]: Cloud-init v. 18.4-0ubuntu1~16.04.2 running 'init' at Sun, 11 Nov 2018 01:04:33 +0000. Up 13.37 seconds.
[   14.228444] cloud-init[945]: ci-info: ++++++++++++++++++++++++++++++++++++++Net device info++++++++++++++++++++++++++++++++++++++
[   14.233183] cloud-init[945]: ci-info: +--------+-------+---------------------------+---------------+--------+-------------------+
[   14.237856] cloud-init[945]: ci-info: | Device |   Up  |          Address          |      Mask     | Scope  |     Hw-Address    |
[   14.242417] cloud-init[945]: ci-info: +--------+-------+---------------------------+---------------+--------+-------------------+
[   14.248336] cloud-init[945]: ci-info: | enp0s3 |  True |         10.0.2.15         | 255.255.255.0 | global | 02:0d:56:55:5e:8a |
[   14.259881] cloud-init[945]: ci-info: | enp0s3 |  True | fe80::d:56ff:fe55:5e8a/64 |       .       |  link  | 02:0d:56:55:5e:8a |
[   14.292360] [[0;32m  OK  [0m] Started Initial cloud-init job (metadata service crawler).
[cloud-init[0;32m  OK  [0m[945]: ] ci-info: | enp0s8 | False |             .             |       .       |   .    | 08:00:27:ee:cc:16 |Reached target Cloud-config availability.

[[0;32m  OK  [0m] Reached target Network is Online.
[   14.295501] cloud-init[945]: ci-info: |   lo   |  True |         127.0.0.1         |   255.0.0.0   |  host  |         .         |
[   14.368688]          Starting iSCSI initiator daemon (iscsid)...
[[0;32m  OK  [0m] Reached target System Initialization.cloud-init
[945]: ci-info: |   lo   |  True |          ::1/128          |       .       |  host  |         .         |
[   14.426048] [[0;32m  OK  [0m] Started ACPI Events Check.
cloud-init[945]: ci-info: +--------+-------+---------------------------+---------------+--------+-------------------+
[[0;32m  OK  [0m] Reached target Paths.
         Starting LXD - unix socket.
[[0;32m  OK  [0m] Listening on D-Bus System Message Bus Socket.
[[0;32m  OK  [0m] Started Daily apt download activities.
[[0;32m  OK  [0m] Started Daily apt upgrade and clean activities.
[[0;32m  OK  [0m] Listening on UUID daemon activation socket.
[[0;32m  OK  [0m] Started Daily Cleanup of Temporary Directories.
[[0;32m  OK  [0m] Listening on ACPID Listen Socket.
[[0;32m  OK  [0m] Reached target Timers.
[   14.428005] cloud-init[945]: ci-info: +++++++++++++++++++++++++++Route IPv4 info++++++++++++++++++++++++++++
[   14.541666]          Starting Socket activation for snappy daemon.
cloud-init[945]: ci-info: +-------+-------------+----------+---------------+-----------+-------+
[   14.565015] cloud-init[945]: ci-info: | Route | Destination | Gateway  |    Genmask    | Interface | Flags |
[[0;32m  OK  [0m] Listening on LXD - unix socket.
[[   14.566557] cloud-init[945]: ci-info: +-------+-------------+----------+---------------+-----------+-------+
[0;32m  OK  [0m] [   14.611037] Listening on Socket activation for snappy daemon.cloud-init
[945]: ci-info: |   0   |   0.0.0.0   | 10.0.2.2 |    0.0.0.0    |   enp0s3  |   UG  |
[   14.656713] cloud-init[945]: ci-info: |   1   |   10.0.2.0  | 0.0.0.0  | 255.255.255.0 |   enp0s3  |   U   |
[   14.657398] cloud-init[[945]: [0;32m  OK  [0mci-info: +-------+-------------+----------+---------------+-----------+-------+] 
Started iSCSI initiator daemon (iscsid).
[   14.657975] cloud-init[945]: ci-info: +++++++++++++++++++Route IPv6 info+++++++++++++++++++
[   14.740146] cloud-init[945]: ci-info: +-------+-------------+---------+-----------+-------+
[   14.758357] cloud-init[945]: ci-info: | Route | Destination | Gateway | Interface | Flags |
[   14.778288] cloud-init[945]: ci-info: +-------+-------------+---------+-----------+-------+
[   14.805992] cloud-init[945]: ci-info: |   0   |  fe80::/64  |    ::   |   enp0s3  |   U   |
[   14.840525]          Starting Login to default iSCSI targets...
cloud-init[945]: ci-info: |   3   |   ff00::/8  |    ::   |   enp0s3  |   U   |
[[0;32m  OK  [0m] Reached target Sockets.
[[0;32m  OK  [0m] Reached target Basic System.
[   14.841846] cloud-init[945]: ci-info: +-------+-------------+---------+-----------+-------+
[   14.888266] cloud-init[945]: Generating public/private rsa key pair.
[   14.917817] [[0;32m  OK  [0m] Started ACPI event daemon.
cloud-init[945]: Your identification has been saved in /etc/ssh/ssh_host_rsa_key.
[   14.923166] cloud-init[945]: Your public key has been saved in /etc/ssh/ssh_host_rsa_key.pub.         Starting Accounts Service...

         Starting Virtualbox guest utils...
[   14.953522] cloud-init[945]: The key fingerprint is:
[   14.970631] cloud-init[945]: SHA256:/79dOCHITuk7lvNfBCcJjCqHMlA2ZI6ozvyAx4R3yk0 root@ubuntu-xenial         Starting Snappy daemon...

         Starting LSB: MD monitoring daemon...
[   15.001336] cloud-init[945]: The key's randomart image is:
[   15.037830] [[0;32m  OK  [0m] Started Deferred execution scheduler.
cloud-init[945]: +---[RSA 2048]----+
         Starting LSB: Record successful boot for GRUB...
[   15.075242] cloud-init[945]: |   o*      o.    |
[   15.096975]          Starting Login Service...
[[0;32m  OK  [0m] Started Unattended Upgrades Shutdown.
         Starting /etc/rc.local Compatibility...
cloud-init[945]: | ..= .    . .. . |
[   15.121283] [[0;32m  OK  [0m] Started Regular background program processing daemon.
[[0;32m  OK  [0m] Started D-Bus System Message Bus.
cloud-init[945]: |. ...  . .    + .|
[   15.137125] cloud-init[945]: |..  o o o. o   + |
[   15.143435] cloud-init[945]: |o o Eo oS = . . .|
[   15.160370] cloud-init[945]: |== =     =   . + |
[   15.172972] cloud-init[945]: |.== .     +.  o o|
[   15.186187] cloud-init[945]: | .o       =o   +.|
[   15.198434] cloud-init[945]: |   .     ..+oo+..|
[   15.211616] cloud-init[945]: +----[SHA256]-----+
[   15.220252] cloud-init[945]: Generating public/private dsa key pair.
[   15.231464] cloud-init[945]: Your identification has been saved in /etc/ssh/ssh_host_dsa_key.
[   15.247406] cloud-init[945]: Your public key has been saved in /etc/ssh/ssh_host_dsa_key.pub.
[   15.267758]          Starting System Logging Service...
[[0;32m  OK  [0m] Started FUSE filesystem for LXC.
cloud-init[945]: The key fingerprint is:
         Starting Pollinate to seed the pseudo random number generator...
         Starting LXD - container startup/shutdown...
[   15.291428] [[0;32m  OK  [0m] Started System Logging Service.
[[0;32m  OK  [0m] Started /etc/rc.local Compatibility.
cloud-init[945]: SHA256:z6veLky1eWUahfLg2Lq4Uzmbj4u7KY3mO2qFsg7rxuc root@ubuntu-xenial
[   15.354339] cloud-init[945]: The key's randomart image is:
[   15.436803] cloud-init[945]: +---[DSA 1024]----+
[   15.444974] cloud-init[945]: |             .   |
[[0;32m  OK  [0m] Started Snappy daemon.
[[0;32m  OK  [0m] Started LSB: MD monitoring daemon.
[[0;32m  OK  [0m] Started Login to default iSCSI targets.
[   15.462230] cloud-init[945]: |          o . .  |
[[0;32m  OK  [0m] Started LSB: Record successful boot for GRUB.
[   15.522934] cloud-init[945]: |         + + .   |
[[0;32m  OK  [0m[   15.547123] cloud-init[945]: |        . + o o  |
] Started Login Service.
         Starting Authenticate and Authorize Users to Run Privileged Tasks...
[[0;32m  OK  [0m] Reached target Remote File Systems (Pre).
[[0;32m  OK  [0m] Reached target Remote File Systems.
         Starting LSB: automatic crash report generation...
[   15.595863] cloud-init[945]: |   .    S+ o =   |
         Starting LSB: daemon to balance interrupts for SMP systems...
[   15.664041] cloud-init[945]: |. . .   *oo o    |
[   15.690649] cloud-init[945]: |oo . o = =o.     |
         Starting LSB: Set the CPU Frequency Scaling governor to "ondemand"...
         Starting Permit User Sessions...
         Starting Wait until snapd is fully seeded...
[[0;32m  OK  [0m] Started Virtualbox guest utils.
[[0;32m  OK  [0m] Started Permit User Sessions.
[[0;32m  OK  [0m] Started Authenticate and Authorize Users to Run Privileged Tasks.
[[0;32m  OK  [0m] Started Accounts Service.
[   15.716115] cloud-init[945]: |o+..= +o*o .     |
[   15.824840] cloud-init[945]: |=++Eo+**=*=      |
[   15.836286] [[0;32m  OK  [0m] Started LXD - container startup/shutdown.
cloud-init[945]: +----[SHA256]-----+
[   15.892673] cloud-init[945]: Generating public/private ecdsa key pair.
[   15.894231] cloud-init[945]: Your identification has been saved in /etc/ssh/ssh_host_ecdsa_key.
[[0;32m  OK  [0m] Started LSB: automatic crash report generation.
[[   15.894875] cloud-init[945]: Your public key has been saved in /etc/ssh/ssh_host_ecdsa_key.pub.
[   15.974616] cloud-init[945]: The key fingerprint is:
[0;32m  OK  [0m] Started LSB: daemon to balance interrupts for SMP systems.
[[   15.975195] cloud-init[945]: SHA256:sdAJmpeFx/SjDdoCqYPlvr13KEkui6yne+6Eh3qFWgQ root@ubuntu-xenial
[   16.053865] cloud-init[945]: The key's randomart image is:
[0;32m  OK  [0m] Started LSB: Set the CPU Frequency Scaling governor to "ondemand".
[   16.054820] cloud-init[945]: +---[ECDSA 256]---+
[   16.083583] cloud-init[945]: |      .+o        |
[   16.109166] cloud-init[945]: |E    +.=oo       |
[   16.110122]          cloud-initStarting Terminate Plymouth Boot Screen...[945]: 
| .. = +.= o      |
[   16.141020] cloud-init[945]: | +.. o + * .     |
[   16.141647] cloud-init[945]: |..+.  o S .      |         
Starting Hold until boot process finishes up...
[   16.142497] cloud-init[945]: | +o.o  .         |
[   16.170390] cloud-init[945]: |oo++ . .         |
[   16.171366] cloud-init[945]: |++=o+ o .        |
[[0;32m  OK  [0m] Started Terminate Plymouth Boot Screen.
[   16.173064] cloud-init[945]: |BX=oo+ .         |
[   16.188904] cloud-init[945]: +----[SHA256]-----+
[   16.189905] cloud-init[945]: Generating public/private ed25519 key pair.
[[0;32m  OK  [0m] Started Hold until boot process finishes up.
[   16.192426] cloud-init[945]: Your identification has been saved in /etc/ssh/ssh_host_ed25519_key.
[   16.228618] cloud-init[945]: Your public key has been saved in /etc/ssh/ssh_host_ed25519_key.pub.
[   16.237127] cloud-init[945]: The key fingerprint is:
[[0;32m  OK  [0m] Started Serial Getty on ttyS0.
[   16.242640] cloud-init[945]: SHA256:MKEu3exP7O5jfCnkVrSKjyQsiC+hn5dwAul4Szys4X4 root@ubuntu-xenial
[   16.273227] [[0;32m  OK  [0m] Started Getty on tty1.
cloud-init[945]: The key's randomart image is:
[   16.289072] [[0;32m  OK  [0m] Reached target Login Prompts.
cloud-init[945]: +--[ED25519 256]--+
[   16.301367] cloud-init[945]: |      .          |
[   16.305474] cloud-init[945]: |     . .         |         Starting Set console scheme...

[   16.317455] [[0;32m  OK  [0m] Started Set console scheme.
cloud-init[945]: | .  . o          |
[   16.337132] cloud-init[945]: |o  o o o  .      |
[   16.346792] cloud-init[945]: |o+. o o S. .     |
[   16.351241] cloud-init[945]: |=oOo.. .. o      |
[   16.355744] cloud-init[945]: |=*.*o.o=oo .     |
[   16.360469] cloud-init[945]: |+o.Eoo.=O o      |
[   16.365719] cloud-init[945]: |.+=.  .**+       |
[   16.370486] cloud-init[945]: +----[SHA256]-----+
[[0;32m  OK  [0m] Started Pollinate to seed the pseudo random number generator.
         Starting OpenBSD Secure Shell server...
[[0;32m  OK  [0m] Started OpenBSD Secure Shell server.
[[0;32m  OK  [0m] Created slice User Slice of vagrant.
         Starting User Manager for UID 1000...
[[0;32m  OK  [0m] Started Session 1 of user vagrant.
[[0;32m  OK  [0m] Started User Manager for UID 1000.
[[0;32m  OK  [0m] Started Session 2 of user vagrant.
[   21.820994] cloud-init[1745]: Generating locales (this might take a while)...

Ubuntu 16.04.5 LTS ubuntu-xenial ttyS0

ubuntu-xenial login: [   22.808776] cloud-init[1745]:   en_US.UTF-8... done
[   22.812101] cloud-init[1745]: Generation complete.
[   23.223333] cloud-init[1745]: Cloud-init v. 18.4-0ubuntu1~16.04.2 running 'modules:config' at Sun, 11 Nov 2018 01:04:41 +0000. Up 21.71 seconds.
ci-info: no authorized ssh keys fingerprints found for user ubuntu.
<14>Nov 11 01:04:43 ec2: 
<14>Nov 11 01:04:43 ec2: #############################################################
<14>Nov 11 01:04:43 ec2: -----BEGIN SSH HOST KEY FINGERPRINTS-----
<14>Nov 11 01:04:43 ec2: 1024 SHA256:z6veLky1eWUahfLg2Lq4Uzmbj4u7KY3mO2qFsg7rxuc root@ubuntu-xenial (DSA)
<14>Nov 11 01:04:43 ec2: 256 SHA256:sdAJmpeFx/SjDdoCqYPlvr13KEkui6yne+6Eh3qFWgQ root@ubuntu-xenial (ECDSA)
<14>Nov 11 01:04:43 ec2: 256 SHA256:MKEu3exP7O5jfCnkVrSKjyQsiC+hn5dwAul4Szys4X4 root@ubuntu-xenial (ED25519)
<14>Nov 11 01:04:43 ec2: 2048 SHA256:/79dOCHITuk7lvNfBCcJjCqHMlA2ZI6ozvyAx4R3yk0 root@ubuntu-xenial (RSA)
<14>Nov 11 01:04:43 ec2: -----END SSH HOST KEY FINGERPRINTS-----
<14>Nov 11 01:04:43 ec2: #############################################################
-----BEGIN SSH HOST KEY KEYS-----
ecdsa-sha2-nistp256 AAAAE2VjZHNhLXNoYTItbmlzdHAyNTYAAAAIbmlzdHAyNTYAAABBBMmWxrC0YXP2WX2sxbzz4Hp2rl9mFBVAMDRizIjxD+bMtHTFx3jtuPyTdm1ywZSOUhyrZXyDoJduz5uwRLwJsYY= root@ubuntu-xenial
ssh-ed25519 AAAAC3NzaC1lZDI1NTE5AAAAIIiG2IrYf5p1iMfrdee0HoOZ1WVAMtCR3p0asU6q+sZV root@ubuntu-xenial
ssh-rsa AAAAB3NzaC1yc2EAAAADAQABAAABAQC1BEcNUAOuSb1cTB5InvktS/JoQ23uLjAUEgqB6juT0QIk04bo+HvDlS7IAWgik4ymEBTCyRPRXdwTMFQ+HR4AWxLYu4lBe0HRwDz3mQ0jLCK/uVDm1xVdSdx1DZ/dfWjz/SORHqLAsFs5x3FjR+aQJTKAUWrF36BrF0lUxv79lyfut5SwcKR0xnldMiNBIMbhb4lKbVMO9OLW8o4pBGj6WoKNtmE6lR2KRkgFdI1RDL3QqrmaboLxyIBuQzKz7X+9nWB2kMYlDqGoMGqlilnoNB3YhJ45v+0VHPPudmoXaHU/Qh/HGd/88XuRZNAMujZjFOs5ThfvAASTV31wn9O7 root@ubuntu-xenial
-----END SSH HOST KEY KEYS-----
[   23.900718] cloud-init[1962]: Cloud-init v. 18.4-0ubuntu1~16.04.2 running 'modules:final' at Sun, 11 Nov 2018 01:04:43 +0000. Up 23.74 seconds.
[   23.901051] cloud-init[1962]: ci-info: no authorized ssh keys fingerprints found for user ubuntu.
[   23.901656] cloud-init[1962]: Cloud-init v. 18.4-0ubuntu1~16.04.2 finished at Sun, 11 Nov 2018 01:04:43 +0000. Datasource DataSourceNoCloud [seed=/dev/sdb][dsmode=net].  Up 23.87 seconds
